[dotenv@17.3.0] injecting env (0) from .env.local -- tip: ΓÜÖ∩╕Å  override existing env vars with { override: true }
node.exe : ΓÜá Warning: Next.js inferred 
your workspace root, but it may not be 
correct.
At line:1 char:1
+ & "C:\Program Files\nodejs/node.exe" 
"C:\Program Files\nodejs/node_mo ...
+ ~~~~~~~~~~~~~~~~~~~~~~~~~~~~~~~~~~~~~~~~~
~~~~~~~~~~~~~~~~~~~~~~~~~~~~
    + CategoryInfo          : NotSpecified 
   : (ΓÜá Warning: Ne...not be correct.:S  
  tring) [], RemoteException
    + FullyQualifiedErrorId : NativeComman 
   dError
 
 We detected multiple lockfiles and 
selected the directory of 
C:\Users\hyper\package-lock.json as the 
root directory.
 To silence this warning, set 
`turbopack.root` in your Next.js config, 
or consider removing one of the lockfiles 
if it's not needed.
   See https://nextjs.org/docs/app/api-refe
rence/config/next-config-js/turbopack#root-
directory for more information.
 Detected additional lockfiles: 
   * C:\Users\hyper\Desktop\hyperslump\pack
age-lock.json

Γû▓ Next.js 16.1.6 (Turbopack)
- Environments: .env.local

  Creating an optimized production build ...
[dotenv@17.3.0] injecting env (0) from .env.local -- tip: ΓÜÖ∩╕Å  write to custom object with { processEnv: myObject }
Γ£ô Compiled successfully in 8.8s
  Running TypeScript ...
  Collecting page data using 11 workers ...
[dotenv@17.3.0] injecting env (0) from .env.local -- tip: ≡ƒöÉ encrypt with Dotenvx: https://dotenvx.com
[dotenv@17.3.0] injecting env (0) from .env.local -- tip: ΓÜÖ∩╕Å  override existing env vars with { override: true }
[dotenv@17.3.0] injecting env (0) from .env.local -- tip: ΓÜÖ∩╕Å  override existing env vars with { override: true }
[dotenv@17.3.0] injecting env (0) from .env.local -- tip: ΓÜÖ∩╕Å  specify custom .env file path with { path: '/custom/path/.env' }
[dotenv@17.3.0] injecting env (0) from .env.local -- tip: ΓÜÖ∩╕Å  load multiple .env files with { path: ['.env.local', '.env'] }
[dotenv@17.3.0] injecting env (0) from .env.local -- tip: ≡ƒñû agentic secret storage: https://dotenvx.com/as2
[dotenv@17.3.0] injecting env (0) from .env.local -- tip: ≡ƒöÉ prevent building .env in docker: https://dotenvx.com/prebuild
[dotenv@17.3.0] injecting env (0) from .env.local -- tip: ≡ƒöÉ prevent committing .env to code: https://dotenvx.com/precommit
  Generating static pages using 11 workers (0/19) ...
[dotenv@17.3.0] injecting env (0) from .env.local -- tip: ≡ƒñû agentic secret storage: https://dotenvx.com/as2
  Generating static pages using 11 workers (4/19) 
  Generating static pages using 11 workers (9/19) 
  Generating static pages using 11 workers (14/19) 
[dotenv@17.3.0] injecting env (0) from .env.local -- tip: ≡ƒöÉ prevent committing .env to code: https://dotenvx.com/precommit
Γ£ô Generating static pages using 11 workers (19/19) in 1406.3ms
  Finalizing page optimization ...

Route (app)                       Revalidate  Expire
Γöî Γùï /                                     1m      1y
Γö£ Γùï /_not-found
Γö£ Γùï /about
Γö£ ╞Æ /api/checkout
Γö£ ╞Æ /api/checkout-sessions
Γö£ ╞Æ /api/create-payment-intent
Γö£ ╞Æ /api/printful/estimate
Γö£ ╞Æ /api/printful/shipping-rates
Γö£ ╞Æ /api/products
Γö£ ╞Æ /api/webhook
Γö£ Γùï /archive
Γö£ Γùï /blog
Γö£ Γùï /checkout
Γö£ Γùï /contact
Γö£ Γùï /docs
Γö£ Γùï /downloads
Γö£ ╞Æ /product/[id]
Γö£ ╞Æ /success
Γöö Γùï /support


Γùï  (Static)   prerendered as static content
╞Æ  (Dynamic)  server-rendered on demand

